[endreox-html.vercel.app/index.html]
[backblue.gif]
[fade.gif]
[index.html]
[endreox-html.vercel.app/assets/images/favicons/apple-touch-icon.png]
[endreox-html.vercel.app/assets/images/favicons/favicon-32x32.png]
[endreox-html.vercel.app/assets/images/favicons/favicon-16x16.png]
[endreox-html.vercel.app/assets/images/favicons/site.webmanifest]
[endreox-html.vercel.app/assets/vendors/bootstrap/css/bootstrap.min.css]
[endreox-html.vercel.app/assets/vendors/animate/animate.min.css]
[endreox-html.vercel.app/assets/vendors/animate/custom-animate.css]
[endreox-html.vercel.app/assets/vendors/fontawesome/css/all.min.css]
[endreox-html.vercel.app/assets/vendors/jquery-magnific-popup/jquery.magnific-popup.css]
[endreox-html.vercel.app/assets/vendors/nouislider/nouislider.min.css]
[endreox-html.vercel.app/assets/vendors/nouislider/nouislider.pips.css]
[endreox-html.vercel.app/assets/vendors/odometer/odometer.min.css]
[endreox-html.vercel.app/assets/vendors/swiper/swiper.min.css]
[endreox-html.vercel.app/assets/vendors/endreox-icons/style.css]
[endreox-html.vercel.app/assets/vendors/tiny-slider/tiny-slider.min.css]
[endreox-html.vercel.app/assets/vendors/owl-carousel/owl.carousel.min.css]
[endreox-html.vercel.app/assets/vendors/owl-carousel/owl.theme.default.min.css]
[endreox-html.vercel.app/assets/vendors/bxslider/jquery.bxslider.css]
[endreox-html.vercel.app/assets/vendors/bootstrap-select/css/bootstrap-select.min.css]
[endreox-html.vercel.app/assets/vendors/vegas/vegas.min.css]
[endreox-html.vercel.app/assets/vendors/jquery-ui/jquery-ui.css]
[endreox-html.vercel.app/assets/vendors/timepicker/timePicker.css]
[endreox-html.vercel.app/assets/css/endreox.css]
[endreox-html.vercel.app/assets/css/endreox-responsive.css]
[endreox-html.vercel.app/index-2.html]
[endreox-html.vercel.app/assets/images/resources/logo-1.png]
[endreox-html.vercel.app/index2.html]
[endreox-html.vercel.app/index3.html]
[endreox-html.vercel.app/about.html]
[endreox-html.vercel.app/services.html]
[endreox-html.vercel.app/single-service.html]
[endreox-html.vercel.app/electricals-service.html]
[endreox-html.vercel.app/security-system.html]
[endreox-html.vercel.app/electrical-panels.html]
[endreox-html.vercel.app/airconditioning.html]
[endreox-html.vercel.app/surge-protection.html]
[endreox-html.vercel.app/indoor-lighting.html]
[endreox-html.vercel.app/install-ceiling-fan.html]
[endreox-html.vercel.app/baseboard-heating.html]
[endreox-html.vercel.app/outdoor-lighting.html]
[endreox-html.vercel.app/solar-installation.html]
[endreox-html.vercel.app/upgrade-old-wiring.html]
[endreox-html.vercel.app/project-1.html]
[endreox-html.vercel.app/project-2.html]
[endreox-html.vercel.app/project-3.html]
[endreox-html.vercel.app/project-details.html]
[endreox-html.vercel.app/appointment.html]
[endreox-html.vercel.app/team.html]
[endreox-html.vercel.app/testimonials.html]
[endreox-html.vercel.app/faq.html]
[endreox-html.vercel.app/company-history.html]
[endreox-html.vercel.app/prices.html]
[endreox-html.vercel.app/404.html]
[endreox-html.vercel.app/elements.html]
[endreox-html.vercel.app/blog.html]
[endreox-html.vercel.app/blog-grid.html]
[endreox-html.vercel.app/blog-details.html]
[endreox-html.vercel.app/contact.html]
[endreox-html.vercel.app/assets/images/backgrounds/main-slider-bg.jpg]
[endreox-html.vercel.app/assets/images/shapes/main-slider-shape-1.png]
[endreox-html.vercel.app/assets/images/shapes/main-slider-shape-2.png]
[endreox-html.vercel.app/assets/images/resources/about-one-img-1.png]
[endreox-html.vercel.app/assets/images/services/services-1-1.jpg]
[endreox-html.vercel.app/assets/images/shapes/services-one-shape-1.png]
[endreox-html.vercel.app/assets/images/services/services-1-2.jpg]
[endreox-html.vercel.app/assets/images/services/services-1-3.jpg]
[endreox-html.vercel.app/assets/images/shapes/services-two-shape-1.jpg]
[endreox-html.vercel.app/assets/images/backgrounds/project-one-bg.jpg]
[endreox-html.vercel.app/assets/images/project/project-1-1.jpg]
[endreox-html.vercel.app/assets/images/project/project-page-1-1.jpg]
[endreox-html.vercel.app/assets/images/icon/icon-zoom-1.png]
[endreox-html.vercel.app/assets/images/icon/link-icon-1.png]
[endreox-html.vercel.app/assets/images/project/project-1-2.jpg]
[endreox-html.vercel.app/assets/images/project/project-1-3.jpg]
[endreox-html.vercel.app/assets/images/project/project-1-4.jpg]
[endreox-html.vercel.app/assets/images/project/project-1-5.jpg]
[endreox-html.vercel.app/assets/images/project/project-1-6.jpg]
[endreox-html.vercel.app/assets/images/resources/why-choose-one-img-1.jpg]
[endreox-html.vercel.app/assets/images/shapes/testimonials-one-shape-1.png]
[endreox-html.vercel.app/assets/images/testimonial/testimonial-1-1.jpg]
[endreox-html.vercel.app/assets/images/blog/blog-1-1.jpg]
[endreox-html.vercel.app/assets/images/blog/blog-1-2.jpg]
[endreox-html.vercel.app/assets/images/blog/blog-1-3.jpg]
[endreox-html.vercel.app/assets/images/shapes/site-footer-shape-1.png]
[endreox-html.vercel.app/assets/images/resources/footer-widget-img-1.png]
[endreox-html.vercel.app/assets/images/resources/footer-logo.png]
[endreox-html.vercel.app/assets/vendors/jquery/jquery-3.6.0.min.js]
[endreox-html.vercel.app/assets/vendors/bootstrap/js/bootstrap.bundle.min.js]
[endreox-html.vercel.app/assets/vendors/jarallax/jarallax.min.js]
[endreox-html.vercel.app/assets/vendors/jquery-ajaxchimp/jquery.ajaxchimp.min.js]
[endreox-html.vercel.app/assets/vendors/jquery-appear/jquery.appear.min.js]
[endreox-html.vercel.app/assets/vendors/jquery-circle-progress/jquery.circle-progress.min.js]
[endreox-html.vercel.app/assets/vendors/jquery-magnific-popup/jquery.magnific-popup.min.js]
[endreox-html.vercel.app/assets/vendors/jquery-validate/jquery.validate.min.js]
[endreox-html.vercel.app/assets/vendors/nouislider/nouislider.min.js]
[endreox-html.vercel.app/assets/vendors/odometer/odometer.min.js]
[endreox-html.vercel.app/assets/vendors/swiper/swiper.min.js]
[endreox-html.vercel.app/assets/vendors/tiny-slider/tiny-slider.min.js]
[endreox-html.vercel.app/assets/vendors/wnumb/wNumb.min.js]
[endreox-html.vercel.app/assets/vendors/wow/wow.js]
[endreox-html.vercel.app/assets/vendors/isotope/isotope.js]
[endreox-html.vercel.app/assets/vendors/countdown/countdown.min.js]
[endreox-html.vercel.app/assets/vendors/owl-carousel/owl.carousel.min.js]
[endreox-html.vercel.app/assets/vendors/bxslider/jquery.bxslider.min.js]
[endreox-html.vercel.app/assets/vendors/bootstrap-select/js/bootstrap-select.min.js]
[endreox-html.vercel.app/assets/vendors/vegas/vegas.min.js]
[endreox-html.vercel.app/assets/vendors/jquery-ui/jquery-ui.js]
[endreox-html.vercel.app/assets/vendors/timepicker/timePicker.js]
[endreox-html.vercel.app/assets/vendors/circleType/jquery.circleType.js]
[endreox-html.vercel.app/assets/vendors/circleType/jquery.lettering.min.js]
[endreox-html.vercel.app/assets/vendors/sidebar-content/jquery-sidebar-content.js]
[endreox-html.vercel.app/assets/vendors/tweenmax/TweenMax.min.js]
[endreox-html.vercel.app/index.html]
[endreox-html.vercel.app/assets/vendors/bootstrap/css/bootstrap.min.css]
[endreox-html.vercel.app/assets/vendors/animate/animate.min.css]
[endreox-html.vercel.app/assets/vendors/animate/custom-animate.css]
[endreox-html.vercel.app/assets/js/endreox.js]
[endreox-html.vercel.app/assets/vendors/fontawesome/webfonts/fa-brands-400.eot]
[endreox-html.vercel.app/assets/vendors/fontawesome/webfonts/fa-brands-400d41d.eot]
[endreox-html.vercel.app/assets/vendors/fontawesome/webfonts/fa-brands-400.woff2]
[endreox-html.vercel.app/assets/vendors/fontawesome/webfonts/fa-brands-400.woff]
[endreox-html.vercel.app/assets/vendors/fontawesome/webfonts/fa-brands-400.ttf]
[endreox-html.vercel.app/assets/vendors/fontawesome/webfonts/fa-brands-400.svg]
[endreox-html.vercel.app/assets/vendors/fontawesome/webfonts/fa-regular-400.eot]
[endreox-html.vercel.app/assets/vendors/fontawesome/webfonts/fa-regular-400d41d.eot]
[endreox-html.vercel.app/assets/vendors/fontawesome/webfonts/fa-regular-400.woff2]
[endreox-html.vercel.app/assets/vendors/fontawesome/webfonts/fa-regular-400.woff]
[endreox-html.vercel.app/assets/vendors/fontawesome/webfonts/fa-regular-400.ttf]
[endreox-html.vercel.app/assets/vendors/fontawesome/webfonts/fa-regular-400.svg]
[endreox-html.vercel.app/assets/vendors/fontawesome/webfonts/fa-solid-900.eot]
[endreox-html.vercel.app/assets/vendors/fontawesome/webfonts/fa-solid-900d41d.eot]
[endreox-html.vercel.app/assets/vendors/fontawesome/webfonts/fa-solid-900.woff2]
[endreox-html.vercel.app/assets/vendors/fontawesome/webfonts/fa-solid-900.woff]
[endreox-html.vercel.app/assets/vendors/fontawesome/webfonts/fa-solid-900.ttf]
[endreox-html.vercel.app/assets/vendors/fontawesome/css/all.min.css]
[endreox-html.vercel.app/assets/vendors/jarallax/jarallax.css]
[endreox-html.vercel.app/assets/vendors/jquery-magnific-popup/jquery.magnific-popup.css]
[endreox-html.vercel.app/assets/vendors/nouislider/nouislider.min.css]
[endreox-html.vercel.app/assets/vendors/nouislider/nouislider.pips.css]
[endreox-html.vercel.app/assets/vendors/odometer/odometer.min.css]
[endreox-html.vercel.app/assets/vendors/swiper/swiper.min.css]
[endreox-html.vercel.app/assets/vendors/fontawesome/webfonts/fa-solid-900.svg]
[endreox-html.vercel.app/assets/vendors/endreox-icons/fonts/icomoone5da.eot]
[endreox-html.vercel.app/assets/vendors/endreox-icons/fonts/icomoone5da.ttf]
[endreox-html.vercel.app/assets/vendors/endreox-icons/fonts/icomoone5da.woff]
[endreox-html.vercel.app/assets/vendors/endreox-icons/style.css]
[endreox-html.vercel.app/assets/vendors/tiny-slider/tiny-slider.min.css]
[endreox-html.vercel.app/assets/vendors/endreox-icons/fonts/icomoone5da.svg]
[endreox-html.vercel.app/assets/vendors/reey-font/reey-regular-webfont.woff2]
[endreox-html.vercel.app/assets/vendors/reey-font/reey-regular-webfont.woff]
[endreox-html.vercel.app/assets/vendors/reey-font/stylesheet.css]
[endreox-html.vercel.app/assets/vendors/owl-carousel/owl.video.play.png]
[endreox-html.vercel.app/assets/vendors/owl-carousel/owl.carousel.min.css]
[endreox-html.vercel.app/assets/vendors/owl-carousel/owl.theme.default.min.css]
[endreox-html.vercel.app/assets/vendors/images/icon/bx_loader.gif]
[endreox-html.vercel.app/assets/vendors/img/bx-slider/controls.png]
[endreox-html.vercel.app/assets/vendors/bxslider/jquery.bxslider.css]
[endreox-html.vercel.app/assets/vendors/bootstrap-select/css/bootstrap-select.min.css]
[endreox-html.vercel.app/assets/vendors/vegas/overlays/02.png]
[endreox-html.vercel.app/assets/vendors/vegas/vegas.min.css]
[endreox-html.vercel.app/assets/vendors/jquery-ui/images/ui-bg_highlight-soft_75_cccccc_1x100.png]
[endreox-html.vercel.app/assets/vendors/jquery-ui/images/ui-bg_glass_75_e6e6e6_1x400.png]
[endreox-html.vercel.app/assets/vendors/jquery-ui/images/ui-bg_glass_75_dadada_1x400.png]
[endreox-html.vercel.app/assets/vendors/jquery-ui/images/ui-bg_glass_65_ffffff_1x400.png]
[endreox-html.vercel.app/assets/vendors/jquery-ui/images/ui-bg_glass_55_fbf9ee_1x400.png]
[endreox-html.vercel.app/assets/vendors/jquery-ui/images/ui-bg_glass_95_fef1ec_1x400.png]
[endreox-html.vercel.app/assets/vendors/jquery-ui/images/ui-icons_222222_256x240.png]
[endreox-html.vercel.app/assets/vendors/jquery-ui/images/ui-icons_888888_256x240.png]
[endreox-html.vercel.app/assets/vendors/jquery-ui/images/ui-icons_454545_256x240.png]
[endreox-html.vercel.app/assets/vendors/jquery-ui/images/ui-icons_2e83ff_256x240.png]
[endreox-html.vercel.app/assets/vendors/jquery-ui/images/ui-icons_cd0a0a_256x240.png]
[endreox-html.vercel.app/assets/vendors/jquery-ui/jquery-ui.css]
[endreox-html.vercel.app/assets/vendors/timepicker/images/ui-icons_444444_256x240.png]
[endreox-html.vercel.app/assets/vendors/timepicker/timePicker.css]
[endreox-html.vercel.app/assets/vendors/free-hand-font/freehand_521_bt-webfont.woff2]
[endreox-html.vercel.app/assets/vendors/free-hand-font/stylesheet.css]
[endreox-html.vercel.app/assets/vendors/free-hand-font/freehand_521_bt-webfont.woff]
[endreox-html.vercel.app/assets/images/icon/cross-out.png]
[endreox-html.vercel.app/assets/css/endreox.css]
[endreox-html.vercel.app/assets/css/endreox-responsive.css]
[endreox-html.vercel.app/index-2.html]
[endreox-html.vercel.app/assets/images/resources/main-slider-2-1.png]
[endreox-html.vercel.app/assets/images/shapes/main-slider-two-shape-1.png]
[endreox-html.vercel.app/assets/images/resources/main-slider-2-2.png]
[endreox-html.vercel.app/assets/images/resources/about-two-img-1.jpg]
[endreox-html.vercel.app/assets/images/services/services-2-1.jpg]
[endreox-html.vercel.app/assets/images/services/services-2-2.jpg]
[endreox-html.vercel.app/assets/images/services/services-2-3.jpg]
[endreox-html.vercel.app/assets/images/services/services-2-4.jpg]
[endreox-html.vercel.app/assets/images/backgrounds/project-two-bg.jpg]
[endreox-html.vercel.app/assets/images/project/project-2-1.jpg]
[endreox-html.vercel.app/assets/images/project/project-2-2.jpg]
[endreox-html.vercel.app/assets/images/project/project-2-3.jpg]
[endreox-html.vercel.app/assets/images/icon/contact-bar-call-icon.png]
[endreox-html.vercel.app/assets/images/team/team-1-1.jpg]
[endreox-html.vercel.app/assets/images/icon/team-btn-icon.png]
[endreox-html.vercel.app/assets/images/team/team-1-2.jpg]
[endreox-html.vercel.app/assets/images/team/team-1-3.jpg]
[endreox-html.vercel.app/assets/images/team/team-1-4.jpg]
[endreox-html.vercel.app/assets/images/resources/coupons-offer-qr-code-1.jpg]
[endreox-html.vercel.app/assets/images/shapes/coupons-shape-1.png]
[endreox-html.vercel.app/assets/images/backgrounds/testimonial-two-bg.jpg]
[endreox-html.vercel.app/assets/images/shapes/testimonial-two-shape-1.png]
[endreox-html.vercel.app/assets/images/shapes/testimonial-two-shape-2.png]
[endreox-html.vercel.app/assets/images/testimonial/testimonial-2-1.jpg]
[endreox-html.vercel.app/assets/images/testimonial/testimonial-2-2.jpg]
[endreox-html.vercel.app/index2.html]
[endreox-html.vercel.app/assets/images/resources/logo-2.png]
[endreox-html.vercel.app/assets/images/icon/dot-menu-icon-2.png]
[endreox-html.vercel.app/assets/images/backgrounds/main-slider-3-1.jpg]
[endreox-html.vercel.app/assets/images/backgrounds/main-slider-3-2.jpg]
[endreox-html.vercel.app/assets/images/backgrounds/main-slider-3-3.jpg]
[endreox-html.vercel.app/assets/images/shapes/services-four-shape-1.png]
[endreox-html.vercel.app/assets/images/resources/welcome-one-img-1.png]
[endreox-html.vercel.app/assets/images/resources/welcome-one-author-img-1.jpg]
[endreox-html.vercel.app/assets/images/resources/welcome-one-authore-signeture.png]
[endreox-html.vercel.app/assets/images/resources/welcome-one-author-img-2.png]
[endreox-html.vercel.app/assets/images/resources/welcome-one-author-img-3.png]
[endreox-html.vercel.app/assets/images/resources/why-choose-two-img-1.jpg]
[endreox-html.vercel.app/assets/images/shapes/contact-one-shape-1.png]
[endreox-html.vercel.app/index3.html]
[endreox-html.vercel.app/assets/images/resources/contact-one-img-1.jpg]
[endreox-html.vercel.app/assets/images/backgrounds/page-header-bg.png]
[endreox-html.vercel.app/assets/images/shapes/page-header-shape-1.png]
[endreox-html.vercel.app/assets/images/resources/about-three-img-1.jpg]
[endreox-html.vercel.app/assets/images/resources/mission-one-img-1.jpg]
[endreox-html.vercel.app/assets/images/resources/mission-one-sign.png]
[endreox-html.vercel.app/about.html]
[endreox-html.vercel.app/services.html]
[endreox-html.vercel.app/assets/images/services/electrical-panels-img-1.jpg]
[endreox-html.vercel.app/assets/images/services/electrical-panels-img-2.jpg]
[endreox-html.vercel.app/assets/images/services/about-quality-img-1.jpg]
[endreox-html.vercel.app/assets/images/services/video-gallery-img-1.jpg]
[endreox-html.vercel.app/assets/images/services/video-gallery-img-2.jpg]
[endreox-html.vercel.app/assets/images/services/video-gallery-img-3.jpg]
[endreox-html.vercel.app/assets/images/services/video-gallery-right-content-img-1.jpg]
[endreox-html.vercel.app/services-2.html]
[endreox-html.vercel.app/single-service.html]
[endreox-html.vercel.app/assets/images/services/service-details-img-1.jpg]
[endreox-html.vercel.app/electricals-service.html]
[endreox-html.vercel.app/assets/images/services/service-details-feature-img-1.jpg]
[endreox-html.vercel.app/security-system.html]
[endreox-html.vercel.app/electrical-panels.html]
[endreox-html.vercel.app/airconditioning.html]
[endreox-html.vercel.app/surge-protection.html]
[endreox-html.vercel.app/indoor-lighting.html]
[endreox-html.vercel.app/install-ceiling-fan.html]
[endreox-html.vercel.app/baseboard-heating.html]
[endreox-html.vercel.app/outdoor-lighting.html]
[endreox-html.vercel.app/solar-installation.html]
[endreox-html.vercel.app/upgrade-old-wiring.html]
[endreox-html.vercel.app/assets/images/backgrounds/project-page-one-bg.jpg]
[endreox-html.vercel.app/assets/images/project/project-page-1-2.jpg]
[endreox-html.vercel.app/assets/images/project/project-page-1-3.jpg]
[endreox-html.vercel.app/assets/images/project/project-page-1-4.jpg]
[endreox-html.vercel.app/assets/images/project/project-page-1-5.jpg]
[endreox-html.vercel.app/assets/images/project/project-page-1-6.jpg]
[endreox-html.vercel.app/assets/images/project/project-page-1-7.jpg]
[endreox-html.vercel.app/assets/images/project/project-page-1-8.jpg]
[endreox-html.vercel.app/project-1.html]
[endreox-html.vercel.app/assets/images/project/project-page-1-9.jpg]
[endreox-html.vercel.app/assets/images/project/project-page-2-1.jpg]
[endreox-html.vercel.app/assets/images/project/project-page-2-2.jpg]
[endreox-html.vercel.app/assets/images/project/project-page-2-3.jpg]
[endreox-html.vercel.app/assets/images/project/project-page-2-4.jpg]
[endreox-html.vercel.app/assets/images/project/project-page-2-5.jpg]
[endreox-html.vercel.app/assets/images/project/project-page-2-6.jpg]
[endreox-html.vercel.app/assets/images/project/project-page-2-7.jpg]
[endreox-html.vercel.app/assets/images/project/project-page-2-8.jpg]
[endreox-html.vercel.app/project-2.html]
[endreox-html.vercel.app/assets/images/project/project-page-3-1.jpg]
[endreox-html.vercel.app/assets/images/project/project-page-3-2.jpg]
[endreox-html.vercel.app/assets/images/project/project-page-3-3.jpg]
[endreox-html.vercel.app/assets/images/project/project-page-3-4.jpg]
[endreox-html.vercel.app/assets/images/project/project-page-3-6.jpg]
[endreox-html.vercel.app/assets/images/project/project-page-3-5.jpg]
[endreox-html.vercel.app/assets/images/project/project-page-3-8.jpg]
[endreox-html.vercel.app/project-3.html]
[endreox-html.vercel.app/assets/images/project/project-details-img-1.jpg]
[endreox-html.vercel.app/assets/images/project/what-we-did-img-1.jpg]
[endreox-html.vercel.app/project-details.html]
[endreox-html.vercel.app/assets/vendors/nice-select/nice-select.css]
[endreox-html.vercel.app/appointment.html]
[endreox-html.vercel.app/assets/vendors/nice-select/jquery.nice-select.min.js]
[endreox-html.vercel.app/assets/images/team/team-1-5.jpg]
[endreox-html.vercel.app/assets/images/team/team-1-6.jpg]
[endreox-html.vercel.app/assets/images/team/team-1-7.jpg]
[endreox-html.vercel.app/team.html]
[endreox-html.vercel.app/assets/images/testimonial/testimonial-page-1-1.jpg]
[endreox-html.vercel.app/testimonials.html]
[endreox-html.vercel.app/assets/images/resources/ask-question-img-1.png]
[endreox-html.vercel.app/faq.html]
[endreox-html.vercel.app/assets/images/resources/about-company-img-1.jpg]
[endreox-html.vercel.app/assets/images/resources/about-company-img-2.jpg]
[endreox-html.vercel.app/assets/images/resources/about-company-sign.png]
[endreox-html.vercel.app/assets/images/resources/company-history-img-1.jpg]
[endreox-html.vercel.app/assets/images/resources/company-history-img-2.jpg]
[endreox-html.vercel.app/company-history.html]
[endreox-html.vercel.app/assets/images/resources/additional-services-three-img-1-1.jpg]
[endreox-html.vercel.app/assets/images/resources/additional-services-three-img-1-2.jpg]
[endreox-html.vercel.app/assets/images/resources/additional-services-three-img-1-3.jpg]
[endreox-html.vercel.app/assets/images/resources/additional-services-three-img-1-4.jpg]
[endreox-html.vercel.app/prices.html]
[endreox-html.vercel.app/assets/images/resources/404-1.png]
[endreox-html.vercel.app/404.html]
[endreox-html.vercel.app/elements.html]
[endreox-html.vercel.app/assets/images/blog/blog-page-1-1.jpg]
[endreox-html.vercel.app/assets/images/blog/blog-page-1-2.jpg]
[endreox-html.vercel.app/assets/images/blog/blog-page-1-3.jpg]
[endreox-html.vercel.app/assets/images/blog/blog-page-1-4.jpg]
[endreox-html.vercel.app/assets/images/blog/lp-1-1.jpg]
[endreox-html.vercel.app/assets/images/blog/lp-1-2.jpg]
[endreox-html.vercel.app/assets/images/blog/lp-1-3.jpg]
[endreox-html.vercel.app/assets/images/blog/lp-1-4.jpg]
[endreox-html.vercel.app/blog.html]
[endreox-html.vercel.app/assets/images/blog/blog-grid-1-1.jpg]
[endreox-html.vercel.app/assets/images/blog/blog-grid-1-2.jpg]
[endreox-html.vercel.app/assets/images/blog/blog-grid-1-3.jpg]
[endreox-html.vercel.app/assets/images/blog/blog-grid-1-4.jpg]
[endreox-html.vercel.app/assets/images/blog/blog-grid-1-5.jpg]
[endreox-html.vercel.app/assets/images/blog/blog-grid-1-6.jpg]
[endreox-html.vercel.app/blog-grid.html]
[endreox-html.vercel.app/assets/images/blog/blog-details-img-1.jpg]
[endreox-html.vercel.app/assets/images/blog/comment-1-1.jpg]
[endreox-html.vercel.app/assets/images/blog/comment-1-2.jpg]
[endreox-html.vercel.app/assets/images/blog/comment-1-3.jpg]
[endreox-html.vercel.app/assets/images/blog/comment-1-4.jpg]
[endreox-html.vercel.app/assets/images/blog/comment-1-5.jpg]
[endreox-html.vercel.app/blog-details.html]
[endreox-html.vercel.app/contact.html]
[endreox-html.vercel.app/assets/vendors/fontawesome/webfonts/fa-brands-400.svg]
[endreox-html.vercel.app/assets/vendors/fontawesome/webfonts/fa-regular-400.svg]
[endreox-html.vercel.app/assets/vendors/fontawesome/webfonts/fa-solid-900.svg]
[endreox-html.vercel.app/assets/vendors/endreox-icons/fonts/icomoone5da.svg]
[endreox-html.vercel.app/assets/vendors/owl-carousel/404.html]
[endreox-html.vercel.app/assets/vendors/images/icon/404.html]
[endreox-html.vercel.app/assets/vendors/img/bx-slider/404.html]
[endreox-html.vercel.app/assets/vendors/vegas/overlays/404.html]
[endreox-html.vercel.app/assets/vendors/timepicker/images/404.html]
[endreox-html.vercel.app/assets/images/icon/404.html]
[endreox-html.vercel.app/404-2.html]
[endreox-html.vercel.app/assets/vendors/nice-select/nice-select.css]
